#-----------------------------------------------------------
# Webtalk v2020.1 (64-bit)
# SW Build 2902540 on Wed May 27 19:54:49 MDT 2020
# IP Build 2902112 on Wed May 27 22:43:36 MDT 2020
# Start of session at: Fri Apr 28 01:01:51 2023
# Process ID: 15740
# Current directory: d:/YANLIU/KULeuven/course/master/thesis/Project/overlay_final_v2/overlay_final_v2
# Command line: wbtcv.exe -mode batch -source d:/yanliu/kuleuven/course/master/thesis/project/overlay_final_v2/overlay_final_v2/overlay_final_v2.tmp/axi_add_3_v1_0_project/AXI_ADD_3_v1_0_project.hw/webtalk/labtool_webtalk.tcl -notrace
# Log file: d:/YANLIU/KULeuven/course/master/thesis/Project/overlay_final_v2/overlay_final_v2/webtalk.log
# Journal file: d:/YANLIU/KULeuven/course/master/thesis/Project/overlay_final_v2/overlay_final_v2\webtalk.jou
#-----------------------------------------------------------
source d:/yanliu/kuleuven/course/master/thesis/project/overlay_final_v2/overlay_final_v2/overlay_final_v2.tmp/axi_add_3_v1_0_project/AXI_ADD_3_v1_0_project.hw/webtalk/labtool_webtalk.tcl -notrace
